[INFO] Scanning for projects...
[INFO] 
[INFO] --------------< com.supportticket:support-ticket-backend >--------------
[INFO] Building support-ticket-backend 0.0.1-SNAPSHOT
[INFO]   from pom.xml
[INFO] --------------------------------[ jar ]---------------------------------
[INFO] 
[INFO] --- resources:3.3.1:resources (default-resources) @ support-ticket-backend ---
[INFO] Copying 1 resource from src/main/resources to target/classes
[INFO] Copying 1 resource from src/main/resources to target/classes
[INFO] 
[INFO] --- compiler:3.13.0:compile (default-compile) @ support-ticket-backend ---
[INFO] Nothing to compile - all classes are up to date.
[INFO] 
[INFO] --- resources:3.3.1:testResources (default-testResources) @ support-ticket-backend ---
[INFO] Copying 1 resource from src/test/resources to target/test-classes
[INFO] 
[INFO] --- compiler:3.13.0:testCompile (default-testCompile) @ support-ticket-backend ---
[INFO] Nothing to compile - all classes are up to date.
[INFO] 
[INFO] --- surefire:3.5.2:test (default-test) @ support-ticket-backend ---
[INFO] Using auto detected provider org.apache.maven.surefire.junitplatform.JUnitPlatformProvider
[INFO] 
[INFO] -------------------------------------------------------
[INFO]  T E S T S
[INFO] -------------------------------------------------------
[INFO] Running com.supportticket.SupportTicketApplicationTest
13:59:24.336 [main] INFO org.springframework.test.context.support.AnnotationConfigContextLoaderUtils -- Could not detect default configuration classes for test class [com.supportticket.SupportTicketApplicationTest]: SupportTicketApplicationTest does not declare any static, non-private, non-final, nested classes annotated with @Configuration.
13:59:24.451 [main] INFO org.springframework.boot.test.context.SpringBootTestContextBootstrapper -- Found @SpringBootConfiguration com.supportticket.SupportTicketApplication for test class com.supportticket.SupportTicketApplicationTest

  .   ____          _            __ _ _
 /\\ / ___'_ __ _ _(_)_ __  __ _ \ \ \ \
( ( )\___ | '_ | '_| | '_ \/ _` | \ \ \ \
 \\/  ___)| |_)| | | | | || (_| |  ) ) ) )
  '  |____| .__|_| |_|_| |_\__, | / / / /
 =========|_|==============|___/=/_/_/_/

 :: Spring Boot ::                (v3.4.4)

2026-09-30T13:59:24.816+05:30  INFO 242717 --- [support-ticket-backend] [           main] c.s.SupportTicketApplicationTest         : Starting SupportTicketApplicationTest using Java 21.0.6 with PID 242717 (started by lavanya in /home/lavanya/Desktop/POC_PROJECT/support-ticket-system/backend)
2026-09-30T13:59:24.817+05:30  INFO 242717 --- [support-ticket-backend] [           main] c.s.SupportTicketApplicationTest         : No active profile set, falling back to 1 default profile: "default"
2026-09-30T13:59:25.142+05:30  INFO 242717 --- [support-ticket-backend] [           main] .s.d.r.c.RepositoryConfigurationDelegate : Bootstrapping Spring Data JPA repositories in DEFAULT mode.
2026-09-30T13:59:25.162+05:30  INFO 242717 --- [support-ticket-backend] [           main] .s.d.r.c.RepositoryConfigurationDelegate : Finished Spring Data repository scanning in 11 ms. Found 0 JPA repository interfaces.
2026-09-30T13:59:25.380+05:30  INFO 242717 --- [support-ticket-backend] [           main] org.testcontainers.images.PullPolicy     : Image pull policy will be performed by: DefaultPullPolicy()
2026-09-30T13:59:25.382+05:30  INFO 242717 --- [support-ticket-backend] [           main] o.t.utility.ImageNameSubstitutor         : Image name substitution will be performed by: DefaultImageNameSubstitutor (composite of 'ConfigurationFileImageNameSubstitutor' and 'PrefixingImageNameSubstitutor')
2026-09-30T13:59:25.426+05:30  INFO 242717 --- [support-ticket-backend] [           main] org.testcontainers.DockerClientFactory   : Testcontainers version: 1.21.4
2026-09-30T13:59:25.547+05:30  INFO 242717 --- [support-ticket-backend] [           main] o.t.d.DockerClientProviderStrategy       : Loaded org.testcontainers.dockerclient.UnixSocketClientProviderStrategy from ~/.testcontainers.properties, will try it first
2026-09-30T13:59:25.801+05:30  INFO 242717 --- [support-ticket-backend] [           main] o.t.d.DockerClientProviderStrategy       : Found Docker environment with local Unix socket (unix:///var/run/docker.sock)
2026-09-30T13:59:25.802+05:30  INFO 242717 --- [support-ticket-backend] [           main] org.testcontainers.DockerClientFactory   : Docker host IP address is localhost
2026-09-30T13:59:25.821+05:30  INFO 242717 --- [support-ticket-backend] [           main] org.testcontainers.DockerClientFactory   : Connected to docker: 
  Server Version: 29.1.3
  API Version: 1.52
  Operating System: Ubuntu 22.04.5 LTS
  Total Memory: 15659 MB
2026-09-30T13:59:25.959+05:30  INFO 242717 --- [support-ticket-backend] [           main] tc.testcontainers/ryuk:0.12.0            : Creating container for image: testcontainers/ryuk:0.12.0
2026-09-30T13:59:25.964+05:30  INFO 242717 --- [support-ticket-backend] [           main] o.t.utility.RegistryAuthLocator          : Failure when attempting to lookup auth config. Please ignore if you don't have images in an authenticated registry. Details: (dockerImageName: testcontainers/ryuk:0.12.0, configFile: /home/lavanya/.docker/config.json, configEnv: DOCKER_AUTH_CONFIG). Falling back to docker-java default behaviour. Exception message: Status 404: No config supplied. Checked in order: /home/lavanya/.docker/config.json (file not found), DOCKER_AUTH_CONFIG (not set)
2026-09-30T13:59:26.088+05:30  INFO 242717 --- [support-ticket-backend] [           main] tc.testcontainers/ryuk:0.12.0            : Container testcontainers/ryuk:0.12.0 is starting: d4e4933cbbe020a8408264672243a880910089a22fdc53c53066f98739ac3299
2026-09-30T13:59:26.467+05:30  INFO 242717 --- [support-ticket-backend] [           main] tc.testcontainers/ryuk:0.12.0            : Container testcontainers/ryuk:0.12.0 started in PT0.507446958S
2026-09-30T13:59:26.472+05:30  INFO 242717 --- [support-ticket-backend] [           main] o.t.utility.RyukResourceReaper           : Ryuk started - will monitor and terminate Testcontainers containers on JVM exit
2026-09-30T13:59:26.473+05:30  INFO 242717 --- [support-ticket-backend] [           main] org.testcontainers.DockerClientFactory   : Checking the system...
2026-09-30T13:59:26.473+05:30  INFO 242717 --- [support-ticket-backend] [           main] org.testcontainers.DockerClientFactory   : ✔︎ Docker server version should be at least 1.6.0
2026-09-30T13:59:26.474+05:30  INFO 242717 --- [support-ticket-backend] [           main] tc.postgres:16                           : Creating container for image: postgres:16
2026-09-30T13:59:26.547+05:30  INFO 242717 --- [support-ticket-backend] [           main] tc.postgres:16                           : Container postgres:16 is starting: 34f607011a28dfd4ba9eef023a14979779ebc75e2b6a5151e57effbc135c4d4b
2026-09-30T13:59:27.879+05:30  INFO 242717 --- [support-ticket-backend] [           main] tc.postgres:16                           : Container postgres:16 started in PT1.404902625S
2026-09-30T13:59:27.880+05:30  INFO 242717 --- [support-ticket-backend] [           main] tc.postgres:16                           : Container is started (JDBC URL: jdbc:postgresql://localhost:32775/test?loggerLevel=OFF)
2026-09-30T13:59:28.468+05:30  INFO 242717 --- [support-ticket-backend] [           main] org.flywaydb.core.FlywayExecutor         : Database: jdbc:postgresql://localhost:32775/test?loggerLevel=OFF (PostgreSQL 16.15)
2026-09-30T13:59:28.502+05:30  INFO 242717 --- [support-ticket-backend] [           main] o.f.c.i.s.JdbcTableSchemaHistory         : Schema history table "public"."flyway_schema_history" does not exist yet
2026-09-30T13:59:28.505+05:30  INFO 242717 --- [support-ticket-backend] [           main] o.f.core.internal.command.DbValidate     : Successfully validated 0 migrations (execution time 00:00.009s)
2026-09-30T13:59:28.505+05:30  WARN 242717 --- [support-ticket-backend] [           main] o.f.core.internal.command.DbValidate     : No migrations found. Are your locations set up correctly?
2026-09-30T13:59:28.523+05:30  INFO 242717 --- [support-ticket-backend] [           main] o.f.c.i.s.JdbcTableSchemaHistory         : Creating Schema History table "public"."flyway_schema_history" ...
2026-09-30T13:59:28.607+05:30  INFO 242717 --- [support-ticket-backend] [           main] o.f.core.internal.command.DbMigrate      : Current version of schema "public": << Empty Schema >>
2026-09-30T13:59:28.617+05:30  INFO 242717 --- [support-ticket-backend] [           main] o.f.core.internal.command.DbMigrate      : Schema "public" is up to date. No migration necessary.
2026-09-30T13:59:28.717+05:30  INFO 242717 --- [support-ticket-backend] [           main] o.hibernate.jpa.internal.util.LogHelper  : HHH000204: Processing PersistenceUnitInfo [name: default]
2026-09-30T13:59:28.757+05:30  INFO 242717 --- [support-ticket-backend] [           main] org.hibernate.Version                    : HHH000412: Hibernate ORM core version 6.6.11.Final
2026-09-30T13:59:28.781+05:30  INFO 242717 --- [support-ticket-backend] [           main] o.h.c.internal.RegionFactoryInitiator    : HHH000026: Second-level cache disabled
2026-09-30T13:59:28.990+05:30  INFO 242717 --- [support-ticket-backend] [           main] o.s.o.j.p.SpringPersistenceUnitInfo      : No LoadTimeWeaver setup: ignoring JPA class transformer
2026-09-30T13:59:29.021+05:30  INFO 242717 --- [support-ticket-backend] [           main] com.zaxxer.hikari.HikariDataSource       : HikariPool-1 - Starting...
2026-09-30T13:59:29.046+05:30  INFO 242717 --- [support-ticket-backend] [           main] com.zaxxer.hikari.pool.HikariPool        : HikariPool-1 - Added connection org.postgresql.jdbc.PgConnection@4eb48298
2026-09-30T13:59:29.049+05:30  INFO 242717 --- [support-ticket-backend] [           main] com.zaxxer.hikari.HikariDataSource       : HikariPool-1 - Start completed.
2026-09-30T13:59:29.119+05:30  INFO 242717 --- [support-ticket-backend] [           main] org.hibernate.orm.connections.pooling    : HHH10001005: Database info:
	Database JDBC URL [Connecting through datasource 'HikariDataSource (HikariPool-1)']
	Database driver: undefined/unknown
	Database version: 16.15
	Autocommit mode: undefined/unknown
	Isolation level: undefined/unknown
	Minimum pool size: undefined/unknown
	Maximum pool size: undefined/unknown
2026-09-30T13:59:29.392+05:30  INFO 242717 --- [support-ticket-backend] [           main] o.h.e.t.j.p.i.JtaPlatformInitiator       : HHH000489: No JTA platform available (set 'hibernate.transaction.jta.platform' to enable JTA platform integration)
2026-09-30T13:59:29.396+05:30  INFO 242717 --- [support-ticket-backend] [           main] j.LocalContainerEntityManagerFactoryBean : Initialized JPA EntityManagerFactory for persistence unit 'default'
2026-09-30T13:59:29.550+05:30  INFO 242717 --- [support-ticket-backend] [           main] c.s.SupportTicketApplicationTest         : Started SupportTicketApplicationTest in 4.997 seconds (process running for 5.893)
Mockito is currently self-attaching to enable the inline-mock-maker. This will no longer work in future releases of the JDK. Please add Mockito as an agent to your build what is described in Mockito's documentation: https://javadoc.io/doc/org.mockito/mockito-core/latest/org/mockito/Mockito.html#0.3
OpenJDK 64-Bit Server VM warning: Sharing is only supported for boot loader classes because bootstrap classpath has been appended
WARNING: A Java agent has been loaded dynamically (/home/lavanya/.m2/repository/net/bytebuddy/byte-buddy-agent/1.15.11/byte-buddy-agent-1.15.11.jar)
WARNING: If a serviceability tool is in use, please run with -XX:+EnableDynamicAgentLoading to hide this warning
WARNING: If a serviceability tool is not in use, please run with -Djdk.instrument.traceUsage for more information
WARNING: Dynamic loading of agents will be disallowed by default in a future release
[INFO] Tests run: 1, Failures: 0, Errors: 0, Skipped: 0, Time elapsed: 5.901 s -- in com.supportticket.SupportTicketApplicationTest
[INFO] 
[INFO] Results:
[INFO] 
[INFO] Tests run: 1, Failures: 0, Errors: 0, Skipped: 0
[INFO] 
[INFO] 
[INFO] --- jar:3.4.2:jar (default-jar) @ support-ticket-backend ---
[INFO] Building jar: /home/lavanya/Desktop/POC_PROJECT/support-ticket-system/backend/target/support-ticket-backend-0.0.1-SNAPSHOT.jar
[INFO] 
[INFO] --- spring-boot:3.4.4:repackage (repackage) @ support-ticket-backend ---
[INFO] Replacing main artifact /home/lavanya/Desktop/POC_PROJECT/support-ticket-system/backend/target/support-ticket-backend-0.0.1-SNAPSHOT.jar with repackaged archive, adding nested dependencies in BOOT-INF/.
[INFO] The original artifact has been renamed to /home/lavanya/Desktop/POC_PROJECT/support-ticket-system/backend/target/support-ticket-backend-0.0.1-SNAPSHOT.jar.original
[INFO] ------------------------------------------------------------------------
[INFO] BUILD SUCCESS
[INFO] ------------------------------------------------------------------------
[INFO] Total time:  8.670 s
[INFO] Finished at: 2026-09-30T13:59:31+05:30
[INFO] ------------------------------------------------------------------------
